// Jest Snapshot v1, https://goo.gl/fbAQLP

exports[`Notification should match snapshot 1`] = `null`;
