// Jest Snapshot v1, https://goo.gl/fbAQLP

exports[`AttachmentImage it matches snapshot 1`] = `
<TouchableWithFeedbackIOS
  onPress={[Function]}
  style={
    Array [
      Object {
        "marginTop": 5,
      },
      Object {
        "width": 38,
      },
    ]
  }
  type="none"
>
  <View
    style={
      Array [
        Object {
          "borderColor": "rgba(61,60,64,0.1)",
          "borderRadius": 2,
          "borderWidth": 1,
          "flex": 1,
        },
        Object {
          "height": 28,
          "width": 28,
        },
      ]
    }
  >
    <Connect(ProgressiveImage)
      imageStyle={
        Object {
          "marginBottom": 5,
          "marginLeft": 2.5,
          "marginRight": 5,
          "marginTop": 2.5,
        }
      }
      imageUri="https://images.com/image.png"
      resizeMode="contain"
      style={
        Object {
          "height": 28,
          "width": 28,
        }
      }
    />
  </View>
</TouchableWithFeedbackIOS>
`;
