// Jest Snapshot v1, https://goo.gl/fbAQLP

exports[`FormattedTime should render correctly 1`] = `
<View
  pointerEvents="box-none"
  style={
    Object {
      "flex": 1,
    }
  }
>
  <View
    collapsable={true}
    pointerEvents="box-none"
    style={
      Object {
        "flex": 1,
      }
    }
  >
    <Text>
      7:02 PM
    </Text>
  </View>
</View>
`;
